Loading instance file "test_instance.txt"...
Instance file "test_instance.txt" successfully loaded.
Executing method "SO" with instance file "test_instance.txt"
Execution CPU time: 10000 millis
Seed value: 1515132993882
Method "SO" successfully executed
Execution Time: 10003 millis
Solution value: 27743.743086725473
Solution: [1, 17, 8, 5, 10, 9, 17, 2, 14, 0, 9, 11, 19, 18, 11, 17, 16, 2, 13, 17, 18, 5, 7, 18, 10, 8, 10, 8, 18, 17, 15, 9, 9, 2, 14, 7, 7, 5, 3, 0, 1, 16, 9, 10, 9, 11, 8, 2, 14, 9, 11, 16, 19, 6, 19, 1, 17, 16, 19, 19, 1, 5, 1, 10, 1, 0, 0, 11, 13, 6, 7, 18, 8, 12, 5, 8, 13, 3, 10, 13, 16, 12, 11, 2, 1, 15, 7, 12, 16, 16, 6, 18, 8, 15, 2, 6, 6, 15, 9, 3, 13, 18, 1, 17, 7, 8, 0, 1, 14, 14, 16, 9, 4, 15, 14, 6, 16, 9, 16, 14, 0, 4, 9, 3, 12, 15, 15, 18, 2, 3, 12, 5, 1, 3, 17, 1, 2, 18, 4, 12, 9, 2, 12, 3, 16, 17, 3, 12, 0, 14, 0, 4, 18, 18, 5, 1, 19, 17, 11, 3, 18, 5, 19, 11, 2, 13, 1, 15, 0, 4, 0, 15, 9, 8, 15, 2, 10, 18, 0, 1, 15, 0, 18, 3, 8, 19, 16, 5, 1, 14, 0, 2, 10, 12, 5, 3, 10, 12, 7, 5, 0, 13, 12, 11, 9, 14, 4, 17, 10, 18, 10, 1, 16, 16, 3, 19, 19, 10, 19, 13, 5, 2, 10, 8, 13, 8, 3, 12, 8, 5, 1, 3, 1, 1, 19, 12, 14, 12, 12, 4, 3, 3, 11, 0, 6, 13, 0, 5, 3, 15, 1, 5, 9, 7, 16, 11, 3, 7, 18, 5, 6, 17, 15, 6, 18, 11, 9, 16, 12, 0, 10, 10, 11, 12, 17, 17, 14, 19, 17, 3, 3, 14, 16, 16, 4, 6, 1, 15, 7, 16, 12, 19, 18, 14, 10, 18, 8, 4, 8, 17, 11, 11, 7, 15, 6, 7, 12, 17, 7, 6, 4, 1, 2, 3, 2, 9, 7, 7, 4, 19, 17, 7, 18, 18, 9, 1, 12, 19, 15, 15, 13, 2, 4, 4, 7, 11, 0, 8, 10, 2, 12, 19, 15, 12, 9, 19, 6, 19, 4, 5, 14, 19, 1, 18, 11, 0, 18, 8, 19, 10, 5, 5, 14, 0, 8, 4, 17, 16, 4, 3, 15, 5, 10, 11, 10, 16, 16, 19, 4, 19, 3, 16, 2, 8, 4, 16, 4, 17, 2, 10, 10, 13, 9, 7, 11, 0, 0, 10, 17, 1, 9, 10, 1, 13, 17, 9, 5, 1, 4, 12, 1, 2, 9, 0, 19, 13, 12, 2, 2, 5, 1, 7, 11, 10, 14, 2, 11, 9, 8, 9, 15, 10, 6, 18, 19, 0, 4, 1, 15, 5, 14, 9, 11, 10, 12, 10, 3, 4, 6, 18, 13, 17, 12, 4, 6, 13, 11, 17, 18, 14, 14, 9, 7, 4, 13, 12, 4, 17, 11, 7, 19, 14, 7, 19, 8, 16, 17, 4, 17, 2, 3, 2, 18, 14, 16, 8, 19, 7, 6, 13, 3, 13, 4, 14, 5, 4, 0, 17, 9, 3, 1, 8, 0, 15, 13, 11, 14, 12, 14, 7, 18, 6, 14, 15, 17, 1, 8, 17, 6, 10, 10, 5, 19, 16, 3, 5, 17, 0, 18, 0, 12, 17, 9, 15, 11, 13, 17, 15, 14, 15, 7, 10, 15, 18, 9, 16, 1, 8, 8, 10, 0, 5, 7, 17, 12, 10, 11, 12, 15, 5, 13, 6, 9, 18, 14, 6, 12, 3, 4, 11, 3, 6, 12, 1, 6, 4, 13, 9, 19, 13, 4, 13, 16, 8, 11, 14, 10, 14, 18, 0, 19, 0, 9, 12, 12, 1, 2, 11, 0, 15, 6, 0, 18, 1, 15, 4, 3, 14, 19, 3, 3, 15, 11, 6, 3, 11, 9, 12, 5, 0, 18, 11, 10, 0, 5, 15, 15, 13, 6, 9, 14, 17, 15, 14, 14, 19, 6, 7, 16, 12, 17, 2, 4, 5, 3, 16, 7, 19, 11, 9, 13, 6, 16, 15, 19, 10, 19, 9, 14, 13, 19, 11, 3, 16, 18, 10, 5, 14, 16, 4, 7, 4, 8, 3, 18, 6, 2, 0, 13, 2, 15, 8, 11, 18, 16, 7, 8, 13, 14, 2, 17, 16, 15, 4, 6, 1, 16, 0, 4, 11]
